// Jest Snapshot v1, https://goo.gl/fbAQLP

exports[`pruebas para el componente GifGridItem  debe de mostrar el componente correctamente  1`] = `
<div
  className="card animate__animated animate__zoomIn"
>
  <img
    alt="test title"
    src="http://localhost/test.jpg"
  />
  <p>
    test title
  </p>
</div>
`;
